django_Crud.txt 


Important Commands ::


1.Command to start the project  :::::::::::::::::::
$ django-admin startproject [project_name]

2.Command to create the app inside the project :::::::::::::::::::
python3 manage.py startapp employee  

3.Command to Run the Server ::::::::::::::::::::
python manage.py runserver

4.Open the default webbrowser of python :::::::::::::::::::::
http://127.0.0.1:8000/

5.Access to the Browser ::::::::::::::::::::::::
localhost:8000/show

6.Migrate Command :::::::::::::::::::::::: 
py manage.py migrate

7.start python console for add edit records
$ py manage.py shell

8.

||||||||||||||||||||||||||||||||||||||||||||||||||||||||||||||||||||||||||||||||||||


Important Files in Django ::

1.setting.py ::  settings.py is a core file in Django projects. It holds all the configuration values that your web app needs to work; database settings, logging configuration, where to find static files, API keys if you work with external APIs, and a bunch of other stuff.

2.urls.py ::  A request in Django first comes to urls.py and then goes to the matching function in views.py. Python functions in views.py take the web request from urls.py and give the web response to templates. It may go to the data access layer in models.py as per the queryset. Template is the presentation layer.

3.views.py :: A view function, or view for short, is a Python function that takes a web request and returns a web response. This response can be the HTML contents of a web page, or a redirect, or a 404 error, or an XML document, or an image . . . or anything, really.

4.wsgi.py ::  Django's primary deployment platform is WSGI, the Python standard for web servers and applications. Django's startproject management command sets up a minimal default WSGI configuration for you, which you can tweak as needed for your project, and direct any WSGI-compliant application server to use.

wsgi - Web Server Gateway Interface -  is a simple calling convention for web servers to forward requests to web applications or frameworks written in the Python programming language. 

5.asgi.py :: ASGI (Asynchronous Server Gateway Interface) is a spiritual successor to WSGI, intended to provide a standard interface between async-capable Python web servers, frameworks, and applications.

6.apps.py :: The apps.py convention merely allows Django to load them automatically when INSTALLED_APPS contains the path to an application module rather than the path to a configuration class.

7.forms.py :: forms.py is where the django documentation recommends you place all your forms code; to keep your code easily maintainable. Also, since its a convention mentioned in the documentation, it helps when you are collaborating with others because that is where others will expect to look for your code dealing with forms.

8.models.py :: Model.py is one of the most import concept of django framework. It allows us to completely define the database of our web applications allowing us to : Declare tables and fields of our database. Define all meta-data of our Database.

9.tests.py :: The actual benefit of the pytest is to writing pytest test cases. The pytest test cases are generally sequence of methods in the Python file starting. It supports the built-in assert statement instead of using a special assert*() methods. It also provides support for cleaning for test cases.

10.manage.py :: A command-line utility that lets you interact with this Django project in various ways. You can read all the details about manage.py in django-admin and manage.py. The inner mysite/ directory is the actual Python package for your project.

11.admin.py :: django-admin.py is Django's command-line utility for administrative tasks. This document outlines all it can do. In addition, manage.py is automatically created in each Django project.









||||||||||||||||||||||||||||||||||||||||||||||||||||||||||||||||||||||||||||||||||||


Important Commands ::

1.Command to start the project  :::::::::::::::::::
$ django-admin startproject [project_name]

2.Command to create the app inside the project :::::::::::::::::::
python3 manage.py startapp employee  

3.Database Setup :::::::::::::::::::
Create a database djangodb in mysql, and configure into the settings.py file of django project. See the example.

// settings.py

DATABASES = {  
    'default': {  
        'ENGINE': 'django.db.backends.mysql',  
        'NAME': 'djangodb',  
        'USER':'root',  
        'PASSWORD':'mysql',  
        'HOST':'localhost',  
        'PORT':'3306'  
    }  
}  

4.Create a Model :::::::::::::::::::
Put the following code into models.py file.

// models.py

from django.db import models  
class Employee(models.Model):  
    eid = models.CharField(max_length=20)  
    ename = models.CharField(max_length=100)  
    eemail = models.EmailField()  
    econtact = models.CharField(max_length=15)  
    class Meta:  
        db_table = "employee"  


5. Create a ModelForm :::::::::::::::::::
// forms.py

from django import forms  
from employee.models import Employee  
class EmployeeForm(forms.ModelForm):  
    class Meta:  
        model = Employee  
        fields = "__all__"  


 6.create view functions :::::::::::::::::::

// views.py

from django.shortcuts import render, redirect  
from employee.forms import EmployeeForm  
from employee.models import Employee  
# Create your views here.  
def emp(request):  
    if request.method == "POST":  
        form = EmployeeForm(request.POST)  
        if form.is_valid():  
            try:  
                form.save()  
                return redirect('/show')  
            except:  
                pass  
    else:  
        form = EmployeeForm()  
    return render(request,'index.html',{'form':form})  
def show(request):  
    employees = Employee.objects.all()  
    return render(request,"show.html",{'employees':employees})  
def edit(request, id):  
    employee = Employee.objects.get(id=id)  
    return render(request,'edit.html', {'employee':employee})  
def update(request, id):  
    employee = Employee.objects.get(id=id)  
    form = EmployeeForm(request.POST, instance = employee)  
    if form.is_valid():  
        form.save()  
        return redirect("/show")  
    return render(request, 'edit.html', {'employee': employee})  
def destroy(request, id):  
    employee = Employee.objects.get(id=id)  
    employee.delete()  
    return redirect("/show")  


7. Provide Routing

Provide URL patterns to map with views function.

// urls.py

from django.contrib import admin  
from django.urls import path  
from employee import views  
urlpatterns = [  
    path('admin/', admin.site.urls),  
    path('emp', views.emp),  
    path('show',views.show),  
    path('edit/<int:id>', views.edit),  
    path('update/<int:id>', views.update),  
    path('delete/<int:id>', views.destroy),  
]  


8.Organize Templates

Create a templates folder inside the employee app and create three (index, edit, show) html files inside the directory. The code for each is given below.


// index.html

<!DOCTYPE html>  
<html lang="en">  
<head>  
    <meta charset="UTF-8">  
    <title>Index</title>  
    {% load staticfiles %}  
    <link rel="stylesheet" href="{% static 'css/style.css' %}"/>  
</head>  
<body>  
<form method="POST" class="post-form" action="/emp">  
        {% csrf_token %}  
    <div class="container">  
<br>  
    <div class="form-group row">  
    <label class="col-sm-1 col-form-label"></label>  
    <div class="col-sm-4">  
    <h3>Enter Details</h3>  
    </div>  
  </div>  
    <div class="form-group row">  
    <label class="col-sm-2 col-form-label">Employee Id:</label>  
    <div class="col-sm-4">  
      {{ form.eid }}  
    </div>  
  </div>  
  <div class="form-group row">  
    <label class="col-sm-2 col-form-label">Employee Name:</label>  
    <div class="col-sm-4">  
      {{ form.ename }}  
    </div>  
  </div>  
    <div class="form-group row">  
    <label class="col-sm-2 col-form-label">Employee Email:</label>  
    <div class="col-sm-4">  
      {{ form.eemail }}  
    </div>  
  </div>  
    <div class="form-group row">  
    <label class="col-sm-2 col-form-label">Employee Contact:</label>  
    <div class="col-sm-4">  
      {{ form.econtact }}  
    </div>  
  </div>  
    <div class="form-group row">  
    <label class="col-sm-1 col-form-label"></label>  
    <div class="col-sm-4">  
    <button type="submit" class="btn btn-primary">Submit</button>  
    </div>  
  </div>  
    </div>  
</form>  
</body>  
</html>  
// show.html

<!DOCTYPE html>  
<html lang="en">  
<head>  
    <meta charset="UTF-8">  
    <title>Employee Records</title>  
     {% load staticfiles %}  
    <link rel="stylesheet" href="{% static 'css/style.css' %}"/>  
</head>  
<body>  
<table class="table table-striped table-bordered table-sm">  
    <thead class="thead-dark">  
    <tr>  
        <th>Employee ID</th>  
        <th>Employee Name</th>  
        <th>Employee Email</th>  
        <th>Employee Contact</th>  
        <th>Actions</th>  
    </tr>  
    </thead>  
    <tbody>  
{% for employee in employees %}  
    <tr>  
        <td>{{ employee.eid }}</td>  
        <td>{{ employee.ename }}</td>  
        <td>{{ employee.eemail }}</td>  
        <td>{{ employee.econtact }}</td>  
        <td>  
            <a href="/edit/{{ employee.id }}"><span class="glyphicon glyphicon-pencil" >Edit</span></a>  
            <a href="/delete/{{ employee.id }}">Delete</a>  
        </td>  
    </tr>  
{% endfor %}  
    </tbody>  
</table>  
<br>  
<br>  
<center><a href="/emp" class="btn btn-primary">Add New Record</a></center>  
</body>  
</html>  
// edit.html

<!DOCTYPE html>  
<html lang="en">  
<head>  
    <meta charset="UTF-8">  
    <title>Index</title>  
    {% load staticfiles %}  
    <link rel="stylesheet" href="{% static 'css/style.css' %}"/>  
</head>  
<body>  
<form method="POST" class="post-form" action="/update/{{employee.id}}">  
        {% csrf_token %}  
    <div class="container">  
<br>  
    <div class="form-group row">  
    <label class="col-sm-1 col-form-label"></label>  
    <div class="col-sm-4">  
    <h3>Update Details</h3>  
    </div>  
  </div>  
    <div class="form-group row">  
    <label class="col-sm-2 col-form-label">Employee Id:</label>  
    <div class="col-sm-4">  
        <input type="text" name="eid" id="id_eid" required maxlength="20" value="{{ employee.eid }}"/>  
    </div>  
  </div>  
  <div class="form-group row">  
    <label class="col-sm-2 col-form-label">Employee Name:</label>  
    <div class="col-sm-4">  
        <input type="text" name="ename" id="id_ename" required maxlength="100" value="{{ employee.ename }}" />  
    </div>  
  </div>  
    <div class="form-group row">  
    <label class="col-sm-2 col-form-label">Employee Email:</label>  
    <div class="col-sm-4">  
        <input type="email" name="eemail" id="id_eemail" required maxlength="254" value="{{ employee.eemail }}" />  
    </div>  
  </div>  
    <div class="form-group row">  
    <label class="col-sm-2 col-form-label">Employee Contact:</label>  
    <div class="col-sm-4">  
        <input type="text" name="econtact" id="id_econtact" required maxlength="15" value="{{ employee.econtact }}" />  
    </div>  
  </div>  
    <div class="form-group row">  
    <label class="col-sm-1 col-form-label"></label>  
    <div class="col-sm-4">  
    <button type="submit" class="btn btn-success">Update</button>  
    </div>  
  </div>  
    </div>  
</form>  
</body>  
</html>  


9.Static Files Handling :::::::::::::::::::::
Create a folder static/css inside the employee app and put a css inside it. Download the css file her


10.Create Migrations ::::::::::::::::::::::::
Create migrations for the created model employee, use the following command.
$ python3 manage.py makemigrations  

11.After migrations, execute one more command to reflect the migration into the database. But before it, mention name of app (employee) in INSTALLED_APPS of settings.py file.

// settings.py

INSTALLED_APPS = [  
    'django.contrib.admin',  
    'django.contrib.auth',  
    'django.contrib.contenttypes',  
    'django.contrib.sessions',  
    'django.contrib.messages',  
    'django.contrib.staticfiles',  
    'employee'  
]  

12.Run the command to migrate the migrations.

$ python3 manage.py migrate  











Start Crud :::::::::::::::::::::::::::::

|||||||||||||||||||||||||||||||||||||||||||||||||||||||||||||||||||||||||||||||
|||||||||||||||||||||||||||||||||||||||||||||||||||||||||||||||||||||||||||||||
|||||||||||||||||||||||||||||||||||||||||||||||||||||||||||||||||||||||||||||||

https://plainenglish.io/blog/build-a-django-application-to-perform-crud-operations-5990ee90c24a


1.install django
$ pip install Django

2.Then create a Django project named main:
$ django-admin startproject main

3.Within the project, we will create a separate app named employee because the application will perform CRUD operations on an employee information database.

$ python manage.py startapp employee


4.Then in the project root directory, we will create a folder named templates. And inside the templates folder, we will create an HTML file named base.html. In base.html we will write the common templates that the entire project will share.


5.We will create another templates folder inside the employee app. Then inside the template folder, we will create another folder named employee. Inside templates/employee we will create the templates specifically for the employee app.


6. For our CRUD application we will need four templates:

list.html (To display the fetched data). This will be the homepage.
create.html (To create new employee entity)
edit.html (To update/edit existing employee information)
delete.html (To delete an employee entity)
Let’s create these four templates inside templates/employee.

7.